Dante Parker
	Should be assigned to Bailey Drive
Tamir Rice
	Should be assigned to Mackay Drive
Eric Garner
	Should be assigned to Mackay Drive
Phillip White
	Should be assigned to Bailey Drive
Minnijean Brown
	Should be assigned to Bailey Drive
Elizabeth Eckford
	Should be assigned to Bailey Drive
Ernest Green
	Should be assigned to Mackay Drive
Thelma Mothershed
	Should be assigned to Mackay Drive
Melba Patillo
	Should be assigned to Bailey Drive
Gloria Ray
	Should be assigned to Mackay Drive
Terrence Roberts
	Should be assigned to Bailey Drive
Jefferson Thomas
	Should be assigned to Bailey Drive
Carlotta Walls
	Should be assigned to Mackay Drive
Daisy Gaston Bates
	Should be assigned to Mackay Drive
Addie Mae Collins
	Should be assigned to Bailey Drive
Cynthia Wesley
	Should be assigned to Dineen Drive East
Carole Robertson
	Should be assigned to Mackay Drive
Carol Denise McNair
	Should be assigned to Mackay Drive
Rosa Parks
	Should be assigned to Mackay Drive
Eric Harris
	Should be assigned to Mackay Drive
Walter Scott
	Should be assigned to Dineen Drive East
William Chapman II
	Should be assigned to Dineen Drive East
Alonzo Smith
	Should be assigned to Mackay Drive
Alteria Woods
	Should be assigned to Dineen Drive East
Jordan Edwards
	Should be assigned to Mackay Drive
Eric Reason
	Should be assigned to Mackay Drive
